
Memory Configuration

Name             Origin             Length             Attributes
*default*        0x0000000000000000 0xffffffffffffffff

Linker script and memory map

LOAD /home/jex/EXP_Gen3_Gen4_SDP71_HV22_20230512/target/qnx7/aarch64le/lib/crti.o
LOAD /home/jex/EXP_Gen3_Gen4_SDP71_HV22_20230512/host/linux/x86_64/usr/lib/gcc/aarch64-unknown-nto-qnx7.1.0/8.3.0//crtbegin.o
LOAD synaptics_mtouch.o
LOAD synaptics_rmi4_core.o
LOAD synaptics_rmi4_fw_update.o
LOAD /home/jex/EXP_Gen3_Gen4_SDP71_HV22_20230512/target/qnx7/aarch64le/lib/libc.so
LOAD /home/jex/EXP_Gen3_Gen4_SDP71_HV22_20230512/target/qnx7/aarch64le/lib/libcS.a
LOAD /home/jex/EXP_Gen3_Gen4_SDP71_HV22_20230512/target/qnx7/aarch64le/lib/libgcc_s.so
LOAD /home/jex/EXP_Gen3_Gen4_SDP71_HV22_20230512/host/linux/x86_64/usr/lib/gcc/aarch64-unknown-nto-qnx7.1.0/8.3.0/libgcc_eh.a
LOAD /home/jex/EXP_Gen3_Gen4_SDP71_HV22_20230512/host/linux/x86_64/usr/lib/gcc/aarch64-unknown-nto-qnx7.1.0/8.3.0//crtend.o
LOAD /home/jex/EXP_Gen3_Gen4_SDP71_HV22_20230512/target/qnx7/aarch64le/lib/crtn.o
                0x00000000000001c8                . = (SEGMENT_START ("text-segment", 0x0) + SIZEOF_HEADERS)

.note.gnu.build-id
                0x00000000000001c8       0x20
 *(.note.gnu.build-id)
 .note.gnu.build-id
                0x00000000000001c8       0x20 /home/jex/EXP_Gen3_Gen4_SDP71_HV22_20230512/target/qnx7/aarch64le/lib/crti.o

.note           0x00000000000001e8       0x1c
 .note          0x00000000000001e8       0x1c /home/jex/EXP_Gen3_Gen4_SDP71_HV22_20230512/target/qnx7/aarch64le/lib/crtn.o

.hash
 *(.hash)

.gnu.hash       0x0000000000000208       0xb8
 *(.gnu.hash)
 .gnu.hash      0x0000000000000208       0xb8 /home/jex/EXP_Gen3_Gen4_SDP71_HV22_20230512/target/qnx7/aarch64le/lib/crti.o

.dynsym         0x00000000000002c0      0x7f8
 *(.dynsym)
 .dynsym        0x00000000000002c0      0x7f8 /home/jex/EXP_Gen3_Gen4_SDP71_HV22_20230512/target/qnx7/aarch64le/lib/crti.o

.dynstr         0x0000000000000ab8      0x539
 *(.dynstr)
 .dynstr        0x0000000000000ab8      0x539 /home/jex/EXP_Gen3_Gen4_SDP71_HV22_20230512/target/qnx7/aarch64le/lib/crti.o

.gnu.version    0x0000000000000ff2        0x0
 *(.gnu.version)
 .gnu.version   0x0000000000000ff2        0x0 /home/jex/EXP_Gen3_Gen4_SDP71_HV22_20230512/target/qnx7/aarch64le/lib/crti.o

.gnu.version_d  0x0000000000000ff8        0x0
 *(.gnu.version_d)
 .gnu.version_d
                0x0000000000000ff8        0x0 /home/jex/EXP_Gen3_Gen4_SDP71_HV22_20230512/target/qnx7/aarch64le/lib/crti.o

.gnu.version_r  0x0000000000000ff8        0x0
 *(.gnu.version_r)
 .gnu.version_r
                0x0000000000000ff8        0x0 /home/jex/EXP_Gen3_Gen4_SDP71_HV22_20230512/target/qnx7/aarch64le/lib/crti.o

.rela.dyn       0x0000000000000ff8      0x120
 *(.rela.init)
 *(.rela.text .rela.text.* .rela.gnu.linkonce.t.*)
 *(.rela.fini)
 *(.rela.rodata .rela.rodata.* .rela.gnu.linkonce.r.*)
 *(.rela.data .rela.data.* .rela.gnu.linkonce.d.*)
 .rela.data.rel.local
                0x0000000000000ff8       0x18 /home/jex/EXP_Gen3_Gen4_SDP71_HV22_20230512/target/qnx7/aarch64le/lib/crti.o
 .rela.data     0x0000000000001010       0x48 /home/jex/EXP_Gen3_Gen4_SDP71_HV22_20230512/target/qnx7/aarch64le/lib/crti.o
 *(.rela.tdata .rela.tdata.* .rela.gnu.linkonce.td.*)
 *(.rela.tbss .rela.tbss.* .rela.gnu.linkonce.tb.*)
 *(.rela.ctors)
 *(.rela.dtors)
 *(.rela.got)
 .rela.got      0x0000000000001058       0x90 /home/jex/EXP_Gen3_Gen4_SDP71_HV22_20230512/target/qnx7/aarch64le/lib/crti.o
 *(.rela.bss .rela.bss.* .rela.gnu.linkonce.b.*)
 *(.rela.ifunc)
 .rela.ifunc    0x00000000000010e8        0x0 /home/jex/EXP_Gen3_Gen4_SDP71_HV22_20230512/target/qnx7/aarch64le/lib/crti.o
 .rela.fini_array
                0x00000000000010e8       0x18 /home/jex/EXP_Gen3_Gen4_SDP71_HV22_20230512/target/qnx7/aarch64le/lib/crti.o
 .rela.init_array
                0x0000000000001100       0x18 /home/jex/EXP_Gen3_Gen4_SDP71_HV22_20230512/target/qnx7/aarch64le/lib/crti.o

.rela.plt       0x0000000000001118      0x6a8
 *(.rela.plt)
 .rela.plt      0x0000000000001118      0x6a8 /home/jex/EXP_Gen3_Gen4_SDP71_HV22_20230512/target/qnx7/aarch64le/lib/crti.o
 *(.rela.iplt)

.init
 *(SORT_NONE(.init))

.plt            0x00000000000017c0      0x490
 *(.plt)
 .plt           0x00000000000017c0      0x490 /home/jex/EXP_Gen3_Gen4_SDP71_HV22_20230512/target/qnx7/aarch64le/lib/crti.o
 *(.iplt)

.text           0x0000000000001c50     0x65f0
                0x0000000000001c50                _btext = .
 *(.text.unlikely .text.*_unlikely .text.unlikely.*)
 *(.text.exit .text.exit.*)
 *(.text.startup .text.startup.*)
 *(.text.hot .text.hot.*)
 *(.text .stub .text.* .gnu.linkonce.t.*)
 .text          0x0000000000001c50        0x0 /home/jex/EXP_Gen3_Gen4_SDP71_HV22_20230512/target/qnx7/aarch64le/lib/crti.o
 .text          0x0000000000001c50       0xfc /home/jex/EXP_Gen3_Gen4_SDP71_HV22_20230512/host/linux/x86_64/usr/lib/gcc/aarch64-unknown-nto-qnx7.1.0/8.3.0//crtbegin.o
 .text          0x0000000000001d4c      0xe78 synaptics_mtouch.o
                0x0000000000002278                mtouch_i2c_read
                0x0000000000002428                mtouch_i2c_write
                0x00000000000025f4                mtouch_driver_init
                0x0000000000002b28                mtouch_driver_fini
 .text          0x0000000000002bc4     0x2350 synaptics_rmi4_core.o
                0x0000000000002da4                synaptics_rmi4_reg_read
                0x00000000000043e4                synaptics_rmi4_reg_write
                0x0000000000004624                synaptics_rmi4_int_enable
                0x0000000000004790                synaptics_rmi4_sw_reset
                0x000000000000487c                synaptics_rmi4_sersor_report
                0x0000000000004aa0                synaptics_rmi4_reinit
                0x0000000000004c5c                synaptics_rmi4_init
                0x0000000000004e98                synaptics_rmi4_deinit
 .text          0x0000000000004f14     0x332c synaptics_rmi4_fw_update.o
                0x00000000000067cc                synaptics_rmi4_fwu_updater
                0x0000000000007fb4                synaptics_rmi4_fwu_init
                0x00000000000081f4                synaptics_rmi4_fwu_deinit
 .text          0x0000000000008240        0x0 /home/jex/EXP_Gen3_Gen4_SDP71_HV22_20230512/host/linux/x86_64/usr/lib/gcc/aarch64-unknown-nto-qnx7.1.0/8.3.0//crtend.o
 .text          0x0000000000008240        0x0 /home/jex/EXP_Gen3_Gen4_SDP71_HV22_20230512/target/qnx7/aarch64le/lib/crtn.o
 *(.gnu.warning)

.fini
 *(SORT_NONE(.fini))
                [!provide]                        PROVIDE (__etext = .)
                [!provide]                        PROVIDE (_etext = .)
                [!provide]                        PROVIDE (etext = .)

.rodata         0x0000000000008240     0x2339
 *(.rodata .rodata.* .gnu.linkonce.r.*)
 .rodata        0x0000000000008240       0x79 synaptics_mtouch.o
 .rodata.str1.1
                0x00000000000082b9      0x52f synaptics_mtouch.o
                                        0x537 (size before relaxing)
 .rodata        0x00000000000087e8      0x19a synaptics_rmi4_core.o
 .rodata.str1.1
                0x0000000000008982      0x690 synaptics_rmi4_core.o
                                        0x6b5 (size before relaxing)
 *fill*         0x0000000000009012        0x2 
 .rodata        0x0000000000009014      0x631 synaptics_rmi4_fw_update.o
 .rodata.str1.1
                0x0000000000009645      0xf34 synaptics_rmi4_fw_update.o
                                        0xf94 (size before relaxing)

.rodata1
 *(.rodata1)

.eh_frame_hdr   0x000000000000a57c      0x15c
 *(.eh_frame_hdr)
 .eh_frame_hdr  0x000000000000a57c      0x15c /home/jex/EXP_Gen3_Gen4_SDP71_HV22_20230512/host/linux/x86_64/usr/lib/gcc/aarch64-unknown-nto-qnx7.1.0/8.3.0//crtbegin.o
                0x000000000000a57c                __GNU_EH_FRAME_HDR
 *(.eh_frame_entry .eh_frame_entry.*)

.eh_frame       0x000000000000a6d8      0x794
 *(.eh_frame)
 .eh_frame      0x000000000000a6d8       0x80 /home/jex/EXP_Gen3_Gen4_SDP71_HV22_20230512/host/linux/x86_64/usr/lib/gcc/aarch64-unknown-nto-qnx7.1.0/8.3.0//crtbegin.o
 .eh_frame      0x000000000000a758      0x1d0 synaptics_mtouch.o
                                        0x1e8 (size before relaxing)
 .eh_frame      0x000000000000a928      0x2b8 synaptics_rmi4_core.o
                                        0x2c8 (size before relaxing)
 .eh_frame      0x000000000000abe0      0x288 synaptics_rmi4_fw_update.o
                                        0x2a0 (size before relaxing)
 .eh_frame      0x000000000000ae68        0x4 /home/jex/EXP_Gen3_Gen4_SDP71_HV22_20230512/host/linux/x86_64/usr/lib/gcc/aarch64-unknown-nto-qnx7.1.0/8.3.0//crtend.o
 *(.eh_frame.*)

.gcc_except_table
 *(.gcc_except_table .gcc_except_table.*)

.gnu_extab
 *(.gnu_extab*)

.exception_ranges
 *(.exception_ranges*)
                0x000000000001bbb8                . = DATA_SEGMENT_ALIGN (CONSTANT (MAXPAGESIZE), CONSTANT (COMMONPAGESIZE))

.eh_frame
 *(.eh_frame)
 *(.eh_frame.*)

.gnu_extab
 *(.gnu_extab)

.gcc_except_table
 *(.gcc_except_table .gcc_except_table.*)

.exception_ranges
 *(.exception_ranges*)

.tdata
 *(.tdata .tdata.* .gnu.linkonce.td.*)

.tbss
 *(.tbss .tbss.* .gnu.linkonce.tb.*)
 *(.tcommon)

.preinit_array
 *(.preinit_array)

.init_array     0x000000000001bbb8        0x8
 *(SORT_BY_INIT_PRIORITY(.init_array.*) SORT_BY_INIT_PRIORITY(.ctors.*))
 *(.init_array EXCLUDE_FILE(*crtend?.o *crtend.o *crtbegin?.o *crtbegin.o) .ctors)
 .init_array    0x000000000001bbb8        0x8 /home/jex/EXP_Gen3_Gen4_SDP71_HV22_20230512/host/linux/x86_64/usr/lib/gcc/aarch64-unknown-nto-qnx7.1.0/8.3.0//crtbegin.o

.fini_array     0x000000000001bbc0        0x8
 *(SORT_BY_INIT_PRIORITY(.fini_array.*) SORT_BY_INIT_PRIORITY(.dtors.*))
 *(.fini_array EXCLUDE_FILE(*crtend?.o *crtend.o *crtbegin?.o *crtbegin.o) .dtors)
 .fini_array    0x000000000001bbc0        0x8 /home/jex/EXP_Gen3_Gen4_SDP71_HV22_20230512/host/linux/x86_64/usr/lib/gcc/aarch64-unknown-nto-qnx7.1.0/8.3.0//crtbegin.o

.ctors
 *crtbegin.o(.ctors)
 *crtbegin?.o(.ctors)
 *(EXCLUDE_FILE(*crtend?.o *crtend.o) .ctors)
 *(SORT_BY_NAME(.ctors.*))
 *(.ctors)

.dtors
 *crtbegin.o(.dtors)
 *crtbegin?.o(.dtors)
 *(EXCLUDE_FILE(*crtend?.o *crtend.o) .dtors)
 *(SORT_BY_NAME(.dtors.*))
 *(.dtors)

.jcr
 *(.jcr)

.data.rel.ro    0x000000000001bbc8        0x0
 *(.data.rel.ro.local* .gnu.linkonce.d.rel.ro.local.*)
 *(.data.rel.ro .data.rel.ro.* .gnu.linkonce.d.rel.ro.*)
 .data.rel.ro   0x000000000001bbc8        0x0 /home/jex/EXP_Gen3_Gen4_SDP71_HV22_20230512/target/qnx7/aarch64le/lib/crti.o

.dynamic        0x000000000001bbc8      0x1b0
 *(.dynamic)
 .dynamic       0x000000000001bbc8      0x1b0 /home/jex/EXP_Gen3_Gen4_SDP71_HV22_20230512/target/qnx7/aarch64le/lib/crti.o
                0x000000000001bbc8                _DYNAMIC

.got            0x000000000001bd78      0x288
 *(.got.plt)
 .got.plt       0x000000000001bd78      0x250 /home/jex/EXP_Gen3_Gen4_SDP71_HV22_20230512/target/qnx7/aarch64le/lib/crti.o
 *(.igot.plt)
 *(.got)
 .got           0x000000000001bfc8       0x38 /home/jex/EXP_Gen3_Gen4_SDP71_HV22_20230512/target/qnx7/aarch64le/lib/crti.o
                0x000000000001bfc8                _GLOBAL_OFFSET_TABLE_
 *(.igot)
                0x000000000001c000                . = DATA_SEGMENT_RELRO_END (., 0x0)

.data           0x000000000001c000       0x69
                [!provide]                        PROVIDE (__data_start = .)
 *(.data .data.* .gnu.linkonce.d.*)
 .data          0x000000000001c000        0x0 /home/jex/EXP_Gen3_Gen4_SDP71_HV22_20230512/target/qnx7/aarch64le/lib/crti.o
 .data          0x000000000001c000        0x0 /home/jex/EXP_Gen3_Gen4_SDP71_HV22_20230512/host/linux/x86_64/usr/lib/gcc/aarch64-unknown-nto-qnx7.1.0/8.3.0//crtbegin.o
 .data.rel.local
                0x000000000001c000        0x8 /home/jex/EXP_Gen3_Gen4_SDP71_HV22_20230512/host/linux/x86_64/usr/lib/gcc/aarch64-unknown-nto-qnx7.1.0/8.3.0//crtbegin.o
                0x000000000001c000                __dso_handle
 .data          0x000000000001c008       0x60 synaptics_mtouch.o
 .data          0x000000000001c068        0x0 synaptics_rmi4_core.o
 .data          0x000000000001c068        0x1 synaptics_rmi4_fw_update.o
 .data          0x000000000001c069        0x0 /home/jex/EXP_Gen3_Gen4_SDP71_HV22_20230512/host/linux/x86_64/usr/lib/gcc/aarch64-unknown-nto-qnx7.1.0/8.3.0//crtend.o
 .data          0x000000000001c069        0x0 /home/jex/EXP_Gen3_Gen4_SDP71_HV22_20230512/target/qnx7/aarch64le/lib/crtn.o

.tm_clone_table
                0x000000000001c070        0x0
 .tm_clone_table
                0x000000000001c070        0x0 /home/jex/EXP_Gen3_Gen4_SDP71_HV22_20230512/host/linux/x86_64/usr/lib/gcc/aarch64-unknown-nto-qnx7.1.0/8.3.0//crtbegin.o
 .tm_clone_table
                0x000000000001c070        0x0 /home/jex/EXP_Gen3_Gen4_SDP71_HV22_20230512/host/linux/x86_64/usr/lib/gcc/aarch64-unknown-nto-qnx7.1.0/8.3.0//crtend.o

.data1
 *(.data1)
                [!provide]                        PROVIDE (_edata = .)
                [!provide]                        PROVIDE (edata = .)
                0x000000000001c070                . = .
                [!provide]                        PROVIDE (__bss_start = .)
                0x000000000001c069                __bss_start__ = .

.bss            0x000000000001c070       0x50
 *(.dynbss)
 .dynbss        0x000000000001c070        0x0 /home/jex/EXP_Gen3_Gen4_SDP71_HV22_20230512/target/qnx7/aarch64le/lib/crti.o
 *(.bss .bss.* .gnu.linkonce.b.*)
 .bss           0x000000000001c070        0x0 /home/jex/EXP_Gen3_Gen4_SDP71_HV22_20230512/target/qnx7/aarch64le/lib/crti.o
 .bss           0x000000000001c070       0x38 /home/jex/EXP_Gen3_Gen4_SDP71_HV22_20230512/host/linux/x86_64/usr/lib/gcc/aarch64-unknown-nto-qnx7.1.0/8.3.0//crtbegin.o
 .bss           0x000000000001c0a8        0x0 synaptics_mtouch.o
 .bss           0x000000000001c0a8        0x9 synaptics_rmi4_core.o
 *fill*         0x000000000001c0b1        0x7 
 .bss           0x000000000001c0b8        0x8 synaptics_rmi4_fw_update.o
 .bss           0x000000000001c0c0        0x0 /home/jex/EXP_Gen3_Gen4_SDP71_HV22_20230512/host/linux/x86_64/usr/lib/gcc/aarch64-unknown-nto-qnx7.1.0/8.3.0//crtend.o
 .bss           0x000000000001c0c0        0x0 /home/jex/EXP_Gen3_Gen4_SDP71_HV22_20230512/target/qnx7/aarch64le/lib/crtn.o
 *(COMMON)
                0x000000000001c0c0                . = ALIGN ((. != 0x0)?0x8:0x1)
                0x000000000001c0c0                _bss_end__ = .
                0x000000000001c0c0                __bss_end__ = .
                0x000000000001c0c0                . = ALIGN (0x8)
                0x000000000001c0c0                . = SEGMENT_START ("ldata-segment", .)
                0x000000000001c0c0                . = ALIGN (0x8)
                0x000000000001c0c0                __end__ = .
                0x000000000001c0c0                PROVIDE (_end = .)
                [!provide]                        PROVIDE (end = .)
                0x000000000001c0c0                . = DATA_SEGMENT_END (.)

.stab
 *(.stab)

.stabstr
 *(.stabstr)

.stab.excl
 *(.stab.excl)

.stab.exclstr
 *(.stab.exclstr)

.stab.index
 *(.stab.index)

.stab.indexstr
 *(.stab.indexstr)

.comment        0x0000000000000000       0x34
 *(.comment)
 .comment       0x0000000000000000       0x34 /home/jex/EXP_Gen3_Gen4_SDP71_HV22_20230512/host/linux/x86_64/usr/lib/gcc/aarch64-unknown-nto-qnx7.1.0/8.3.0//crtbegin.o
                                         0x35 (size before relaxing)
 .comment       0x0000000000000034       0x35 synaptics_mtouch.o
 .comment       0x0000000000000034       0x35 synaptics_rmi4_core.o
 .comment       0x0000000000000034       0x35 synaptics_rmi4_fw_update.o
 .comment       0x0000000000000034       0x35 /home/jex/EXP_Gen3_Gen4_SDP71_HV22_20230512/host/linux/x86_64/usr/lib/gcc/aarch64-unknown-nto-qnx7.1.0/8.3.0//crtend.o

.ident          0x0000000000000000       0xd0
 .ident         0x0000000000000000       0x68 /home/jex/EXP_Gen3_Gen4_SDP71_HV22_20230512/target/qnx7/aarch64le/lib/crti.o
 .ident         0x0000000000000068       0x68 /home/jex/EXP_Gen3_Gen4_SDP71_HV22_20230512/target/qnx7/aarch64le/lib/crtn.o

.GCC.command.line
                0x0000000000000000      0x60a
 .GCC.command.line
                0x0000000000000000      0x54c synaptics_mtouch.o
                                        0x57f (size before relaxing)
 .GCC.command.line
                0x000000000000054c       0x5a synaptics_rmi4_core.o
                                        0x585 (size before relaxing)
 .GCC.command.line
                0x00000000000005a6       0x64 synaptics_rmi4_fw_update.o
                                        0x58f (size before relaxing)

.gnu.build.attributes
 *(.gnu.build.attributes .gnu.build.attributes.*)

.debug
 *(.debug)

.line
 *(.line)

.debug_srcinfo
 *(.debug_srcinfo)

.debug_sfnames
 *(.debug_sfnames)

.debug_aranges  0x0000000000000000       0x90
 *(.debug_aranges)
 .debug_aranges
                0x0000000000000000       0x30 synaptics_mtouch.o
 .debug_aranges
                0x0000000000000030       0x30 synaptics_rmi4_core.o
 .debug_aranges
                0x0000000000000060       0x30 synaptics_rmi4_fw_update.o

.debug_pubnames
 *(.debug_pubnames)

.debug_info     0x0000000000000000     0xd7af
 *(.debug_info .gnu.linkonce.wi.*)
 .debug_info    0x0000000000000000     0x2a7e synaptics_mtouch.o
 .debug_info    0x0000000000002a7e     0x4aa7 synaptics_rmi4_core.o
 .debug_info    0x0000000000007525     0x628a synaptics_rmi4_fw_update.o

.debug_abbrev   0x0000000000000000     0x1081
 *(.debug_abbrev)
 .debug_abbrev  0x0000000000000000      0x539 synaptics_mtouch.o
 .debug_abbrev  0x0000000000000539      0x564 synaptics_rmi4_core.o
 .debug_abbrev  0x0000000000000a9d      0x5e4 synaptics_rmi4_fw_update.o

.debug_line     0x0000000000000000     0x52a8
 *(.debug_line .debug_line.* .debug_line_end)
 .debug_line    0x0000000000000000      0xc45 synaptics_mtouch.o
 .debug_line    0x0000000000000c45     0x1deb synaptics_rmi4_core.o
 .debug_line    0x0000000000002a30     0x2878 synaptics_rmi4_fw_update.o

.debug_frame
 *(.debug_frame)

.debug_str      0x0000000000000000     0x41f2
 *(.debug_str)
 .debug_str     0x0000000000000000     0x10c1 synaptics_mtouch.o
                                       0x123d (size before relaxing)
 .debug_str     0x00000000000010c1     0x1543 synaptics_rmi4_core.o
                                       0x21a1 (size before relaxing)
 .debug_str     0x0000000000002604     0x1bee synaptics_rmi4_fw_update.o
                                       0x2773 (size before relaxing)

.debug_loc      0x0000000000000000     0x874f
 *(.debug_loc)
 .debug_loc     0x0000000000000000     0x149f synaptics_mtouch.o
 .debug_loc     0x000000000000149f     0x2f4f synaptics_rmi4_core.o
 .debug_loc     0x00000000000043ee     0x4361 synaptics_rmi4_fw_update.o

.debug_macinfo
 *(.debug_macinfo)

.debug_weaknames
 *(.debug_weaknames)

.debug_funcnames
 *(.debug_funcnames)

.debug_typenames
 *(.debug_typenames)

.debug_varnames
 *(.debug_varnames)

.debug_pubtypes
 *(.debug_pubtypes)

.debug_ranges   0x0000000000000000      0xef0
 *(.debug_ranges)
 .debug_ranges  0x0000000000000000       0xe0 synaptics_mtouch.o
 .debug_ranges  0x00000000000000e0      0x3e0 synaptics_rmi4_core.o
 .debug_ranges  0x00000000000004c0      0xa30 synaptics_rmi4_fw_update.o

.debug_macro
 *(.debug_macro)

.debug_addr
 *(.debug_addr)

.ARM.attributes
 *(.ARM.attributes)
 *(.gnu.attributes)

.note.gnu.arm.ident
 *(.note.gnu.arm.ident)

/DISCARD/
 *(.note.GNU-stack)
 *(.gnu_debuglink)
 *(.gnu.lto_*)
OUTPUT(/home/jex/mitest/mtouch/syna/nto/aarch64/so-le/libmtouch-syna.so elf64-littleaarch64)
